// Jest Snapshot v1, https://goo.gl/fbAQLP

exports[`FilterButton renders correctly 1`] = `
<button
  aria-pressed="true"
  className="btn toggle-btn"
  onClick={[Function]}
  type="button"
>
  <span
    className="visually-hidden"
  >
    Show 
  </span>
  <span>
    All
  </span>
  <span
    className="visually-hidden"
  >
     tasks
  </span>
</button>
`;
